
> design-yeh@0.1.0 build
> next build --webpack

▲ Next.js 16.3.5 (webpack)
- Environments: .env.local
✓ Running next.config.ts took 1354ms

  Creating an optimized production build ...
(node:57535) [DEP0205] DeprecationWarning: `module.register()` is deprecated. Use `module.registerHooks()` instead.
(Use `node --trace-deprecation ...` to show where the warning was created)
✓ Compiled successfully in 6.5s
  Running TypeScript ...
  Finished TypeScript in 1915ms ...
  Collecting page data using 7 workers ...
  Generating static pages using 7 workers (0/11) ...
  Generating static pages using 7 workers (2/11) 
  Generating static pages using 7 workers (5/11) 
  Generating static pages using 7 workers (8/11) 
✓ Generating static pages using 7 workers (11/11) in 171ms
  Finalizing page optimization ...
  Collecting build traces ...

Route (app)
┌ ○ /
├ ○ /_not-found
├ ○ /about
├ ○ /brand-identity
├ ○ /contact
├ ○ /homepage-production
├ ○ /operations-automation
├ ○ /portfolio
└ ○ /pricing


○  (Static)  prerendered as static content

